BL51 BANKED LINKER/LOCATER V6.22                                                        12/31/2022  02:44:36  PAGE 1


BL51 BANKED LINKER/LOCATER V6.22, INVOKED BY:
C:\KEIL\C51\BIN\BL51.EXE control_2led.obj TO control_2led


MEMORY MODEL: SMALL


INPUT MODULES INCLUDED:
  control_2led.obj (CONTROL_2LED)
  C:\KEIL\C51\LIB\C51S.LIB (?C_STARTUP)
  C:\KEIL\C51\LIB\C51S.LIB (?C_INIT)


LINK MAP OF MODULE:  control_2led (CONTROL_2LED)


            TYPE    BASE      LENGTH    RELOCATION   SEGMENT NAME
            -----------------------------------------------------

            * * * * * * *   D A T A   M E M O R Y   * * * * * * *
            REG     0000H     0008H     ABSOLUTE     "REG BANK 0"
            DATA    0008H     0004H     UNIT         ?DT?CONTROL_2LED
            IDATA   000CH     0001H     UNIT         ?STACK

            * * * * * * *   C O D E   M E M O R Y   * * * * * * *
            CODE    0000H     0003H     ABSOLUTE     
            CODE    0003H     008CH     UNIT         ?C_C51STARTUP
            CODE    008FH     0069H     UNIT         ?PR?MAIN?CONTROL_2LED
            CODE    00F8H     0009H     UNIT         ?C_INITSEG



OVERLAY MAP OF MODULE:   control_2led (CONTROL_2LED)


SEGMENT
  +--> CALLED SEGMENT
---------------------
?C_C51STARTUP
  +--> ?PR?MAIN?CONTROL_2LED
  +--> ?C_INITSEG



SYMBOL TABLE OF MODULE:  control_2led (CONTROL_2LED)

  VALUE           TYPE          NAME
  ----------------------------------

  -------         MODULE        CONTROL_2LED
  C:0000H         SYMBOL        _ICE_DUMMY_
  D:00A0H         PUBLIC        P2
  B:00A0H.3       PUBLIC        P2_3
  C:008FH         PUBLIC        main
  D:0089H         PUBLIC        TMOD
  B:0088H.5       PUBLIC        TF0
  D:008CH         PUBLIC        TH0
  D:008AH         PUBLIC        TL0
BL51 BANKED LINKER/LOCATER V6.22                                                      12/31/2022  02:44:36  PAGE 2


  B:0088H.4       PUBLIC        TR0
  B:00A0H.0       PUBLIC        led1
  D:0008H         PUBLIC        dem1
  B:00A0H.1       PUBLIC        led2
  D:000AH         PUBLIC        dem2
  -------         PROC          MAIN
  C:008FH         LINE#         12
  C:008FH         LINE#         13
  C:0093H         LINE#         15
  C:0096H         LINE#         16
  C:0099H         LINE#         17
  C:009CH         LINE#         18
  C:009EH         LINE#         19
  C:009EH         LINE#         21
  C:00A1H         LINE#         22
  C:00A9H         LINE#         23
  C:00B1H         LINE#         25
  C:00B3H         LINE#         26
  C:00B5H         LINE#         27
  C:00B8H         LINE#         28
  C:00BBH         LINE#         29
  C:00BEH         LINE#         30
  C:00C0H         LINE#         31
  C:00C2H         LINE#         32
  C:00C2H         LINE#         51
  C:00CAH         LINE#         52
  C:00CCH         LINE#         53
  C:00D0H         LINE#         54
  C:00DAH         LINE#         55
  C:00DCH         LINE#         57
  C:00DCH         LINE#         60
  C:00E4H         LINE#         61
  C:00E6H         LINE#         63
  C:00F0H         LINE#         64
  C:00F2H         LINE#         65
  C:00F6H         LINE#         66
  C:00F6H         LINE#         68
  -------         ENDPROC       MAIN
  -------         ENDMOD        CONTROL_2LED

Program Size: data=13.0 xdata=0 code=257
LINK/LOCATE RUN COMPLETE.  0 WARNING(S),  0 ERROR(S)
