C51 COMPILER V9.52.0.0   BAI1_TEST1                                                        01/06/2023 17:27:52 PAGE 1   


C51 COMPILER V9.52.0.0, COMPILATION OF MODULE BAI1_TEST1
OBJECT MODULE PLACED IN BAI1_TEST1.OBJ
COMPILER INVOKED BY: C:\Keil\C51\BIN\C51.EXE BAI1_TEST1.C BROWSE DEBUG OBJECTEXTEND TABS(2)

line level    source

   1          #include <REGX51.H>
   2          
   3          sbit in = P3^3;
   4          sbit out = P3^4;
   5          sbit syn = P3^5;
   6          sbit dt = P1^7;
   7          
   8          int i,j;
   9          
  10          void main(){
  11   1        char x[8] ={0x00,0x6c,0x92,0x82,0x82,0x44,0x28,0x10};
  12   1          char temp;
  13   1          while(1){
  14   2            syn = 1;
  15   2            for(i = 0; i <8;i++){
  16   3              temp = x[i];
  17   3              for(j = 0; j < 8; j++){
  18   4                dt = temp%2;
  19   4                temp = temp/2;
  20   4                in = 1;
  21   4                in = 0;
  22   4              }
  23   3              out = 1;
  24   3              out = 0;
  25   3              syn = 0;
  26   3            }
  27   2          }
  28   1        
  29   1      }


MODULE INFORMATION:   STATIC OVERLAYABLE
   CODE SIZE        =     97    ----
   CONSTANT SIZE    =      8    ----
   XDATA SIZE       =   ----    ----
   PDATA SIZE       =   ----    ----
   DATA SIZE        =      4       8
   IDATA SIZE       =   ----    ----
   BIT SIZE         =   ----    ----
END OF MODULE INFORMATION.


C51 COMPILATION COMPLETE.  0 WARNING(S),  0 ERROR(S)
