BL51 BANKED LINKER/LOCATER V6.22                                                        02/09/2023  08:17:03  PAGE 1


BL51 BANKED LINKER/LOCATER V6.22, INVOKED BY:
C:\KEIL\C51\BIN\BL51.EXE BAI2_LMD02_8051_8X8_QUET_COT.obj TO BAI2_LMD02_8051_8X8_QUET_COT


MEMORY MODEL: SMALL


INPUT MODULES INCLUDED:
  BAI2_LMD02_8051_8X8_QUET_COT.obj (BAI2_LMD02_8051_8X8_QUET_COT)
  C:\KEIL\C51\LIB\C51S.LIB (?C_STARTUP)
  C:\KEIL\C51\LIB\C51S.LIB (?C?COPY)
  C:\KEIL\C51\LIB\C51S.LIB (?C?SCDIV)


LINK MAP OF MODULE:  BAI2_LMD02_8051_8X8_QUET_COT (BAI2_LMD02_8051_8X8_QUET_COT)


            TYPE    BASE      LENGTH    RELOCATION   SEGMENT NAME
            -----------------------------------------------------

            * * * * * * *   D A T A   M E M O R Y   * * * * * * *
            REG     0000H     0008H     ABSOLUTE     "REG BANK 0"
            DATA    0008H     0008H     UNIT         _DATA_GROUP_
            DATA    0010H     0004H     UNIT         ?DT?BAI2_LMD02_8051_8X8_QUET_COT
            IDATA   0014H     0001H     UNIT         ?STACK

            * * * * * * *   C O D E   M E M O R Y   * * * * * * *
            CODE    0000H     0003H     ABSOLUTE     
            CODE    0003H     0118H     UNIT         ?C?LIB_CODE
            CODE    011BH     0061H     UNIT         ?PR?MAIN?BAI2_LMD02_8051_8X8_QUET_COT
            CODE    017CH     000CH     UNIT         ?C_C51STARTUP
            CODE    0188H     0008H     UNIT         ?CO?BAI2_LMD02_8051_8X8_QUET_COT



OVERLAY MAP OF MODULE:   BAI2_LMD02_8051_8X8_QUET_COT (BAI2_LMD02_8051_8X8_QUET_COT)


SEGMENT                                         DATA_GROUP 
  +--> CALLED SEGMENT                         START    LENGTH
-------------------------------------------------------------
?C_C51STARTUP                                 -----    -----
  +--> ?PR?MAIN?BAI2_LMD02_8051_8X8_QUET_COT

?PR?MAIN?BAI2_LMD02_8051_8X8_QUET_COT         0008H    0008H
  +--> ?CO?BAI2_LMD02_8051_8X8_QUET_COT



SYMBOL TABLE OF MODULE:  BAI2_LMD02_8051_8X8_QUET_COT (BAI2_LMD02_8051_8X8_QUET_COT)

  VALUE           TYPE          NAME
  ----------------------------------

  -------         MODULE        BAI2_LMD02_8051_8X8_QUET_COT
  C:0000H         SYMBOL        _ICE_DUMMY_
  D:0090H         PUBLIC        P1
  D:00B0H         PUBLIC        P3
BL51 BANKED LINKER/LOCATER V6.22                                                      02/09/2023  08:17:03  PAGE 2


  C:011BH         PUBLIC        main
  C:0188H         SYMBOL        _?ix1000
  B:00B0H.3       PUBLIC        in
  B:0090H.7       PUBLIC        dt
  B:00B0H.4       PUBLIC        out
  B:00B0H.5       PUBLIC        syn
  D:0010H         PUBLIC        i
  D:0012H         PUBLIC        j
  -------         PROC          MAIN
  -------         DO            
  D:0008H         SYMBOL        x
  D:0007H         SYMBOL        temp
  -------         ENDDO         
  C:011BH         LINE#         11
  C:011BH         LINE#         36
  C:012EH         LINE#         41
  C:012EH         LINE#         42
  C:0130H         LINE#         43
  C:0135H         LINE#         44
  C:013CH         LINE#         45
  C:0141H         LINE#         46
  C:014FH         LINE#         47
  C:0154H         LINE#         48
  C:0156H         LINE#         49
  C:0158H         LINE#         50
  C:0166H         LINE#         51
  C:0168H         LINE#         52
  C:016AH         LINE#         53
  C:016CH         LINE#         54
  -------         ENDPROC       MAIN
  -------         ENDMOD        BAI2_LMD02_8051_8X8_QUET_COT

  -------         MODULE        ?C?COPY
  C:00D3H         PUBLIC        ?C?COPY
  -------         ENDMOD        ?C?COPY

  -------         MODULE        ?C?SCDIV
  C:00F9H         PUBLIC        ?C?SCDIV
  -------         ENDMOD        ?C?SCDIV

Program Size: data=21.0 xdata=0 code=400
LINK/LOCATE RUN COMPLETE.  0 WARNING(S),  0 ERROR(S)
